// Jest Snapshot v1, https://goo.gl/fbAQLP

exports[`<Container /> should render correctly 1`] = `
<div
  style="position: fixed; display: flex; z-index: 999999; height: 0px; flex-direction: column; top: 20px; right: 30px;"
>
  <p>
    test
  </p>
</div>
`;
