// Jest Snapshot v1, https://goo.gl/fbAQLP

exports[`<NotificationsContainer /> should render correctly 1`] = `
<div
  class="sc-AxjAm hvaknr"
>
  <p>
    test
  </p>
</div>
`;
