// Jest Snapshot v1, https://goo.gl/fbAQLP

exports[`<NotificationsProvider /> should properly handle opening and manually closing notifications 1`] = `
<div>
  <div
    style="position: fixed; display: flex; z-index: 999999; height: 0px; flex-direction: column; top: 40px; right: 40px;"
  >
    <div
      style="position: relative; z-index: -1; transition-property: margin-top, opacity; transition-duration: 0.4s; transition-timing-function: ease; margin-top: 0px; opacity: 0;"
    >
      <div>
        <button
          type="button"
        >
          notification
        </button>
      </div>
    </div>
    <div
      style="position: relative; z-index: -1; transition-property: margin-top, opacity; transition-duration: 0.4s; transition-timing-function: ease; margin-top: 0px; opacity: 0;"
    >
      <div>
        <button
          type="button"
        >
          notification
        </button>
      </div>
    </div>
  </div>
  <button
    type="button"
  >
    show notification
  </button>
</div>
`;

exports[`<NotificationsProvider /> should render correctly 1`] = `
<div
  style="position: fixed; display: flex; z-index: 999999; height: 0px; flex-direction: column; top: 40px; right: 40px;"
/>
`;

exports[`<NotificationsProvider /> should render correctly with custom props 1`] = `
<div
  style="position: fixed; display: flex; z-index: 999999; height: 0px; flex-direction: column; top: 40px; right: 40px;"
/>
`;
